// Jest Snapshot v1, https://goo.gl/fbAQLP

exports[`Circular Filter Item Should match its snapshot 1`] = `
<WithStyles(Button)
  color="primary"
  onClick={[Function]}
  variant="text"
>
  filter
</WithStyles(Button)>
`;
